
> quboliu.github.io@1.0.0 build
> npm run content:check && astro check && astro build && pagefind --site dist


> quboliu.github.io@1.0.0 content:check
> node scripts/check-content-format.mjs

Content format check passed for 110 posts.
01:42:26 [content] Syncing content
01:42:27 [content] Synced content
01:42:27 [types] Generated 798ms
01:42:27 [check] Getting diagnostics for Astro files in /home/xuntingmu/workspace/quboliu.github.io...
Result (64 files): 
- 0 errors
- 0 warnings
- 0 hints

01:42:31 [content] Syncing content
01:42:31 [content] Synced content
01:42:31 [types] Generated 574ms
01:42:31 [build] output: "static"
01:42:31 [build] mode: "static"
01:42:31 [build] directory: /home/xuntingmu/workspace/quboliu.github.io/dist/
01:42:31 [build] Collecting build info...
01:42:31 [build] ✓ Completed in 596ms.
01:42:31 [build] Building static entrypoints...
01:42:33 [vite] ✓ built in 1.75s
01:42:33 [vite] ✓ built in 30ms
01:42:33 [build] Rearranging server assets...

 generating static routes 
01:42:33   ├─ /404.html (+10ms) 
01:42:33   ├─ /about/index.html (+3ms) 
01:42:33   ├─ /archives/index.html (+3ms) 
01:42:33   ├─ /areas/distributed-systems/index.html (+11ms) 
01:42:33   ├─ /areas/kubernetes/index.html (+2ms) 
01:42:33   ├─ /areas/storage-systems/index.html (+2ms) 
01:42:33   ├─ /areas/databases/index.html (+2ms) 
01:42:33   ├─ /areas/ai-and-agents/index.html (+3ms) 
01:42:33   ├─ /areas/go/index.html (+3ms) 
01:42:33   ├─ /areas/operating-systems/index.html (+6ms) 
01:42:33   ├─ /areas/algorithms/index.html (+4ms) 
01:42:33   ├─ /areas/software-engineering/index.html (+3ms) 
01:42:33   ├─ /areas/tools-and-workflow/index.html (+5ms) 
01:42:33   ├─ /areas/notes-and-thoughts/index.html (+2ms) 
01:42:33   ├─ /areas/index.html (+18ms) 
01:42:33   ├─ /posts/index.html (+6ms) 
01:42:33   ├─ /posts/2/index.html (+6ms) 
01:42:33   ├─ /posts/3/index.html (+6ms) 
01:42:33   ├─ /posts/0156/index.html (+11ms) 
01:42:33   ├─ /posts/0155/index.html (+5ms) 
01:42:33   ├─ /posts/0154/index.html (+3ms) 
01:42:33   ├─ /posts/0153/index.html (+4ms) 
01:42:33   ├─ /posts/0152/index.html (+2ms) 
01:42:33   ├─ /posts/0151/index.html (+2ms) 
01:42:33   ├─ /posts/0150/index.html (+4ms) 
01:42:33   ├─ /posts/0149/index.html (+4ms) 
01:42:33   ├─ /posts/0148/index.html (+4ms) 
01:42:33   ├─ /posts/0147/index.html (+3ms) 
01:42:33   ├─ /posts/0146/index.html (+2ms) 
01:42:33   ├─ /posts/0145/index.html (+3ms) 
01:42:33   ├─ /posts/0144/index.html (+6ms) 
01:42:33   ├─ /posts/0143/index.html (+3ms) 
01:42:33   ├─ /posts/0142/index.html (+19ms) 
01:42:33   ├─ /posts/0141/index.html (+9ms) 
01:42:33   ├─ /posts/0140/index.html (+5ms) 
01:42:33   ├─ /posts/0139/index.html (+3ms) 
01:42:33   ├─ /posts/0138/index.html (+2ms) 
01:42:33   ├─ /posts/0137/index.html (+4ms) 
01:42:33   ├─ /posts/0136/index.html (+2ms) 
01:42:33   ├─ /posts/0135/index.html (+2ms) 
01:42:33   ├─ /posts/0134/index.html (+1ms) 
01:42:33   ├─ /posts/0133/index.html (+1ms) 
01:42:33   ├─ /posts/0132/index.html (+1ms) 
01:42:33   ├─ /posts/0131/index.html (+1ms) 
01:42:33   ├─ /posts/0130/index.html (+1ms) 
01:42:33   ├─ /posts/0129/index.html (+1ms) 
01:42:33   ├─ /posts/0128/index.html (+3ms) 
01:42:33   ├─ /posts/0127/index.html (+1ms) 
01:42:33   ├─ /posts/0126/index.html (+1ms) 
01:42:33   ├─ /posts/0125/index.html (+1ms) 
01:42:33   ├─ /posts/0124/index.html (+3ms) 
01:42:33   ├─ /posts/0123/index.html (+3ms) 
01:42:33   ├─ /posts/0122/index.html (+2ms) 
01:42:33   ├─ /posts/0121/index.html (+6ms) 
01:42:33   ├─ /posts/0120/index.html (+1ms) 
01:42:33   ├─ /posts/0119/index.html (+1ms) 
01:42:33   ├─ /posts/0080/index.html (+1ms) 
01:42:33   ├─ /posts/0079/index.html (+1ms) 
01:42:33   ├─ /posts/0077/index.html (+1ms) 
01:42:33   ├─ /posts/0076/index.html (+1ms) 
01:42:33   ├─ /posts/0075/index.html (+1ms) 
01:42:33   ├─ /posts/0078/index.html (+1ms) 
01:42:33   ├─ /posts/0074/index.html (+2ms) 
01:42:33   ├─ /posts/0070/index.html (+5ms) 
01:42:33   ├─ /posts/0073/index.html (+2ms) 
01:42:33   ├─ /posts/0084/index.html (+4ms) 
01:42:33   ├─ /posts/0072/index.html (+2ms) 
01:42:33   ├─ /posts/0071/index.html (+1ms) 
01:42:33   ├─ /posts/0069/index.html (+3ms) 
01:42:33   ├─ /posts/0118/index.html (+2ms) 
01:42:33   ├─ /posts/0083/index.html (+1ms) 
01:42:33   ├─ /posts/0100/index.html (+4ms) 
01:42:33   ├─ /posts/0101/index.html (+1ms) 
01:42:33   ├─ /posts/0098/index.html (+2ms) 
01:42:33   ├─ /posts/0111/index.html (+1ms) 
01:42:33   ├─ /posts/0093/index.html (+3ms) 
01:42:33   ├─ /posts/0099/index.html (+3ms) 
01:42:33   ├─ /posts/0097/index.html (+7ms) 
01:42:33   ├─ /posts/0087/index.html (+4ms) 
01:42:33   ├─ /posts/0085/index.html (+2ms) 
01:42:33   ├─ /posts/0110/index.html (+3ms) 
01:42:33   ├─ /posts/0109/index.html (+1ms) 
01:42:33   ├─ /posts/0114/index.html (+1ms) 
01:42:33   ├─ /posts/0095/index.html (+1ms) 
01:42:33   ├─ /posts/0108/index.html (+2ms) 
01:42:33   ├─ /posts/0082/index.html (+1ms) 
01:42:33   ├─ /posts/0117/index.html (+2ms) 
01:42:33   ├─ /posts/0089/index.html (+2ms) 
01:42:33   ├─ /posts/0107/index.html (+2ms) 
01:42:33   ├─ /posts/0081/index.html (+2ms) 
01:42:33   ├─ /posts/0088/index.html (+2ms) 
01:42:33   ├─ /posts/0116/index.html (+4ms) 
01:42:33   ├─ /posts/0106/index.html (+2ms) 
01:42:33   ├─ /posts/0092/index.html (+2ms) 
01:42:33   ├─ /posts/0115/index.html (+2ms) 
01:42:33   ├─ /posts/0091/index.html (+2ms) 
01:42:33   ├─ /posts/0105/index.html (+2ms) 
01:42:33   ├─ /posts/0090/index.html (+3ms) 
01:42:33   ├─ /posts/0104/index.html (+1ms) 
01:42:33   ├─ /posts/0086/index.html (+3ms) 
01:42:33   ├─ /posts/0113/index.html (+1ms) 
01:42:33   ├─ /posts/0103/index.html (+1ms) 
01:42:33   ├─ /posts/0094/index.html (+2ms) 
01:42:33   ├─ /posts/0068/index.html (+1ms) 
01:42:33   ├─ /posts/0102/index.html (+1ms) 
01:42:33   ├─ /posts/0066/index.html (+1ms) 
01:42:33   ├─ /posts/0065/index.html (+1ms) 
01:42:33   ├─ /posts/0096/index.html (+2ms) 
01:42:33   ├─ /posts/0112/index.html (+4ms) 
01:42:33   ├─ /posts/0064/index.html (+1ms) 
01:42:33   ├─ /posts/0063/index.html (+2ms) 
01:42:33   ├─ /posts/0061/index.html (+1ms) 
01:42:33   ├─ /posts/0056/index.html (+1ms) 
01:42:33   ├─ /posts/0052/index.html (+1ms) 
01:42:33   ├─ /posts/0048/index.html (+1ms) 
01:42:33   ├─ /posts/0040/index.html (+1ms) 
01:42:33   ├─ /posts/0034/index.html (+1ms) 
01:42:33   ├─ /posts/0032/index.html (+1ms) 
01:42:33   ├─ /posts/0023/index.html (+1ms) 
01:42:33   ├─ /posts/0020/index.html (+3ms) 
01:42:33   ├─ /posts/0019/index.html (+1ms) 
01:42:33   ├─ /posts/0018/index.html (+1ms) 
01:42:33   ├─ /posts/0017/index.html (+2ms) 
01:42:33   ├─ /posts/0011/index.html (+1ms) 
01:42:33   ├─ /posts/0010/index.html (+1ms) 
01:42:33   ├─ /posts/0009/index.html (+1ms) 
01:42:33   ├─ /posts/0005/index.html (+1ms) 
01:42:33   ├─ /posts/0001/index.html (+2ms) 
01:42:33   ├─ /robots.txt (+1ms) 
01:42:33   ├─ /rss.xml (+16ms) 
01:42:33   ├─ /search/index.html (+1ms) 
01:42:33   ├─ /tags/agent/index.html (+2ms) 
01:42:33   ├─ /tags/ai-agent/index.html (+2ms) 
01:42:33   ├─ /tags/ai-辅助开发/index.html (+2ms) 
01:42:33   ├─ /tags/amazon-aurora/index.html (+1ms) 
01:42:33   ├─ /tags/api-设计/index.html (+1ms) 
01:42:33   ├─ /tags/borg/index.html (+3ms) 
01:42:33   ├─ /tags/cap/index.html (+1ms) 
01:42:33   ├─ /tags/cas/index.html (+1ms) 
01:42:33   ├─ /tags/chandy-lamport/index.html (+1ms) 
01:42:33   ├─ /tags/crd/index.html (+1ms) 
01:42:33   ├─ /tags/crdt/index.html (+1ms) 
01:42:33   ├─ /tags/cxl/index.html (+1ms) 
01:42:33   ├─ /tags/ddia/index.html (+4ms) 
01:42:33   ├─ /tags/docker/index.html (+3ms) 
01:42:33   ├─ /tags/dynamo/index.html (+4ms) 
01:42:33   ├─ /tags/etcd/index.html (+2ms) 
01:42:33   ├─ /tags/fab/index.html (+1ms) 
01:42:33   ├─ /tags/fencing/index.html (+1ms) 
01:42:33   ├─ /tags/fencing-token/index.html (+1ms) 
01:42:33   ├─ /tags/flp/index.html (+1ms) 
01:42:33   ├─ /tags/gfs/index.html (+3ms) 
01:42:33   ├─ /tags/golang/index.html (+2ms) 
01:42:33   ├─ /tags/google-spanner/index.html (+3ms) 
01:42:33   ├─ /tags/hlc/index.html (+1ms) 
01:42:33   ├─ /tags/icde-2025/index.html (+1ms) 
01:42:33   ├─ /tags/icloud/index.html (+2ms) 
01:42:33   ├─ /tags/kafka-streams/index.html (+1ms) 
01:42:33   ├─ /tags/kubernetes/index.html (+2ms) 
01:42:33   ├─ /tags/kubernetes-api/index.html (+1ms) 
01:42:33   ├─ /tags/lamport/index.html (+1ms) 
01:42:33   ├─ /tags/lease/index.html (+1ms) 
01:42:33   ├─ /tags/linux-raid/index.html (+2ms) 
01:42:33   ├─ /tags/longhorn/index.html (+1ms) 
01:42:33   ├─ /tags/macos/index.html (+2ms) 
01:42:33   ├─ /tags/multi-paxos/index.html (+3ms) 
01:42:33   ├─ /tags/nas/index.html (+2ms) 
01:42:33   ├─ /tags/neon/index.html (+2ms) 
01:42:33   ├─ /tags/olap/index.html (+3ms) 
01:42:33   ├─ /tags/oltp/index.html (+2ms) 
01:42:33   ├─ /tags/omega/index.html (+2ms) 
01:42:33   ├─ /tags/operator/index.html (+4ms) 
01:42:33   ├─ /tags/pacelc/index.html (+1ms) 
01:42:33   ├─ /tags/paxos/index.html (+2ms) 
01:42:33   ├─ /tags/petal/index.html (+1ms) 
01:42:33   ├─ /tags/postgresql/index.html (+1ms) 
01:42:33   ├─ /tags/quorum/index.html (+1ms) 
01:42:33   ├─ /tags/raft/index.html (+4ms) 
01:42:33   ├─ /tags/readindex/index.html (+1ms) 
01:42:33   ├─ /tags/resourceversion/index.html (+3ms) 
01:42:33   ├─ /tags/scheduling-framework/index.html (+1ms) 
01:42:33   ├─ /tags/spdk/index.html (+1ms) 
01:42:33   ├─ /tags/starfish/index.html (+1ms) 
01:42:33   ├─ /tags/swift/index.html (+2ms) 
01:42:33   ├─ /tags/swiftui/index.html (+1ms) 
01:42:33   ├─ /tags/timescaledb/index.html (+1ms) 
01:42:33   ├─ /tags/ublk/index.html (+1ms) 
01:42:33   ├─ /tags/uiux/index.html (+1ms) 
01:42:33   ├─ /tags/v2-data-engine/index.html (+1ms) 
01:42:33   ├─ /tags/vibe-coding/index.html (+1ms) 
01:42:33   ├─ /tags/watch/index.html (+1ms) 
01:42:33   ├─ /tags/xa/index.html (+1ms) 
01:42:33   ├─ /tags/zookeeper/index.html (+1ms) 
01:42:33   ├─ /tags/一致性/index.html (+2ms) 
01:42:33   ├─ /tags/两阶段提交/index.html (+1ms) 
01:42:33   ├─ /tags/乐观并发控制/index.html (+2ms) 
01:42:33   ├─ /tags/事务/index.html (+1ms) 
01:42:33   ├─ /tags/事务隔离/index.html (+1ms) 
01:42:33   ├─ /tags/云原生/index.html (+1ms) 
01:42:33   ├─ /tags/云原生数据库/index.html (+4ms) 
01:42:33   ├─ /tags/依赖注入/index.html (+1ms) 
01:42:33   ├─ /tags/全局状态/index.html (+1ms) 
01:42:33   ├─ /tags/全序广播/index.html (+1ms) 
01:42:33   ├─ /tags/全球化/index.html (+1ms) 
01:42:33   ├─ /tags/共享日志/index.html (+2ms) 
01:42:33   ├─ /tags/共识/index.html (+1ms) 
01:42:33   ├─ /tags/共识协议/index.html (+1ms) 
01:42:33   ├─ /tags/共识算法/index.html (+1ms) 
01:42:33   ├─ /tags/内存模型/index.html (+1ms) 
01:42:33   ├─ /tags/最终一致性/index.html (+2ms) 
01:42:33   ├─ /tags/写偏斜/index.html (+1ms) 
01:42:33   ├─ /tags/分享/index.html (+2ms) 
01:42:33   ├─ /tags/分布式事务/index.html (+3ms) 
01:42:33   ├─ /tags/分布式块存储/index.html (+1ms) 
01:42:33   ├─ /tags/分布式存储/index.html (+1ms) 
01:42:33   ├─ /tags/分布式对象/index.html (+1ms) 
01:42:33   ├─ /tags/分布式快照/index.html (+3ms) 
01:42:33   ├─ /tags/分布式文件系统/index.html (+1ms) 
01:42:33   ├─ /tags/分布式时钟/index.html (+1ms) 
01:42:33   ├─ /tags/分布式系统/index.html (+3ms) 
01:42:33   ├─ /tags/分布式锁/index.html (+2ms) 
01:42:33   ├─ /tags/动态重配置/index.html (+1ms) 
01:42:33   ├─ /tags/协调服务/index.html (+2ms) 
01:42:33   ├─ /tags/单元测试/index.html (+1ms) 
01:42:33   ├─ /tags/原子广播/index.html (+1ms) 
01:42:33   ├─ /tags/原子性/index.html (+1ms) 
01:42:33   ├─ /tags/原子操作/index.html (+2ms) 
01:42:33   ├─ /tags/可串行化/index.html (+1ms) 
01:42:33   ├─ /tags/可用性/index.html (+1ms) 
01:42:33   ├─ /tags/可观测性/index.html (+2ms) 
01:42:33   ├─ /tags/可靠性/index.html (+1ms) 
01:42:33   ├─ /tags/因果一致性/index.html (+1ms) 
01:42:33   ├─ /tags/因果序/index.html (+2ms) 
01:42:33   ├─ /tags/块存储/index.html (+3ms) 
01:42:33   ├─ /tags/声明式-api/index.html (+1ms) 
01:42:33   ├─ /tags/复制/index.html (+2ms) 
01:42:33   ├─ /tags/外部一致性/index.html (+2ms) 
01:42:33   ├─ /tags/存储架构/index.html (+1ms) 
01:42:33   ├─ /tags/存储系统/index.html (+1ms) 
01:42:33   ├─ /tags/安全/index.html (+2ms) 
01:42:33   ├─ /tags/官方博客/index.html (+1ms) 
01:42:33   ├─ /tags/官方文档/index.html (+2ms) 
01:42:33   ├─ /tags/容器编排/index.html (+3ms) 
01:42:33   ├─ /tags/容错/index.html (+2ms) 
01:42:33   ├─ /tags/容错工程/index.html (+1ms) 
01:42:33   ├─ /tags/对象存储/index.html (+1ms) 
01:42:33   ├─ /tags/局部故障/index.html (+1ms) 
01:42:33   ├─ /tags/幂等性/index.html (+1ms) 
01:42:33   ├─ /tags/并发编程/index.html (+1ms) 
01:42:33   ├─ /tags/快照/index.html (+1ms) 
01:42:33   ├─ /tags/思维模型/index.html (+1ms) 
01:42:33   ├─ /tags/性能优化/index.html (+1ms) 
01:42:33   ├─ /tags/性能测试/index.html (+1ms) 
01:42:33   ├─ /tags/恰好一次/index.html (+1ms) 
01:42:33   ├─ /tags/扩展性/index.html (+1ms) 
01:42:33   ├─ /tags/技术演讲/index.html (+1ms) 
01:42:33   ├─ /tags/拜占庭故障/index.html (+1ms) 
01:42:33   ├─ /tags/控制器/index.html (+1ms) 
01:42:33   ├─ /tags/控制平面/index.html (+2ms) 
01:42:33   ├─ /tags/控制循环/index.html (+1ms) 
01:42:33   ├─ /tags/插件/index.html (+1ms) 
01:42:33   ├─ /tags/故障切换/index.html (+2ms) 
01:42:33   ├─ /tags/故障恢复/index.html (+1ms) 
01:42:33   ├─ /tags/故障排查/index.html (+1ms) 
01:42:33   ├─ /tags/故障检测/index.html (+1ms) 
01:42:33   ├─ /tags/故障检测器/index.html (+1ms) 
01:42:33   ├─ /tags/数据复制/index.html (+2ms) 
01:42:33   ├─ /tags/数据库/index.html (+1ms) 
01:42:33   ├─ /tags/数据库压缩/index.html (+1ms) 
01:42:33   ├─ /tags/数据库基准测试/index.html (+1ms) 
01:42:33   ├─ /tags/数据库架构/index.html (+1ms) 
01:42:33   ├─ /tags/数据库系统/index.html (+0ms) 
01:42:33   ├─ /tags/数据流/index.html (+1ms) 
01:42:33   ├─ /tags/文章转载/index.html (+1ms) 
01:42:33   ├─ /tags/无共享架构/index.html (+1ms) 
01:42:33   ├─ /tags/时钟误差/index.html (+1ms) 
01:42:33   ├─ /tags/服务发现/index.html (+1ms) 
01:42:33   ├─ /tags/条件写入/index.html (+1ms) 
01:42:33   ├─ /tags/架构设计/index.html (+0ms) 
01:42:33   ├─ /tags/正确性/index.html (+2ms) 
01:42:33   ├─ /tags/消息队列/index.html (+1ms) 
01:42:33   ├─ /tags/状态机复制/index.html (+1ms) 
01:42:33   ├─ /tags/生活/index.html (+1ms) 
01:42:33   ├─ /tags/碎碎念/index.html (+1ms) 
01:42:33   ├─ /tags/租约/index.html (+1ms) 
01:42:33   ├─ /tags/第一性原理/index.html (+2ms) 
01:42:33   ├─ /tags/系统设计/index.html (+1ms) 
01:42:33   ├─ /tags/纠删码/index.html (+1ms) 
01:42:34   ├─ /tags/线性一致性/index.html (+1ms) 
01:42:34   ├─ /tags/网络分区/index.html (+1ms) 
01:42:34   ├─ /tags/网络延迟/index.html (+1ms) 
01:42:34   ├─ /tags/虚拟磁盘/index.html (+1ms) 
01:42:34   ├─ /tags/计算机系统/index.html (+1ms) 
01:42:34   ├─ /tags/计算机网络/index.html (+1ms) 
01:42:34   ├─ /tags/论文翻译/index.html (+1ms) 
01:42:34   ├─ /tags/论文阅读/index.html (+2ms) 
01:42:34   ├─ /tags/调度器/index.html (+1ms) 
01:42:34   ├─ /tags/资源调度/index.html (+1ms) 
01:42:34   ├─ /tags/转载/index.html (+1ms) 
01:42:34   ├─ /tags/软件定义存储/index.html (+1ms) 
01:42:34   ├─ /tags/软件架构/index.html (+1ms) 
01:42:34   ├─ /tags/进程暂停/index.html (+1ms) 
01:42:34   ├─ /tags/逻辑时钟/index.html (+1ms) 
01:42:34   ├─ /tags/部分同步/index.html (+1ms) 
01:42:34   ├─ /tags/部分失效/index.html (+1ms) 
01:42:34   ├─ /tags/键值存储/index.html (+1ms) 
01:42:34   ├─ /tags/隔离级别/index.html (+1ms) 
01:42:34   ├─ /tags/集群架构/index.html (+1ms) 
01:42:34   ├─ /tags/集群管理/index.html (+1ms) 
01:42:34   ├─ /tags/集群调度/index.html (+1ms) 
01:42:34   ├─ /tags/需求分析/index.html (+2ms) 
01:42:34   ├─ /tags/预投票/index.html (+1ms) 
01:42:34   ├─ /tags/高可用/index.html (+1ms) 
01:42:34   ├─ /tags/index.html (+70ms) 
01:42:34   ├─ /index.html (+4ms) 
01:42:34 ✓ Completed in 872ms.

 generating optimized images 
01:42:34   ▶ /_astro/01-constraints-map.C1ofEWzX_Z144zBm.webp (reused cache entry) (+3ms) (1/452)
01:42:34   ▶ /_astro/03-ack-retry.CQpPArLO_ZhnSeT.webp (reused cache entry) (+3ms) (2/452)
01:42:34   ▶ /_astro/04-log-rebuild.6g10yNE2_Zj3o7P.webp (reused cache entry) (+3ms) (3/452)
01:42:34   ▶ /_astro/02-redundancy-domains.psxA11Yu_ZSfzdo.webp (reused cache entry) (+3ms) (4/452)
01:42:34   ▶ /_astro/06-bounded-queues.eQdcCe-i_ZQRay2.webp (reused cache entry) (+4ms) (5/452)
01:42:34   ▶ /_astro/05-coordination-choices.6zZWmKSb_1PIhtt.webp (reused cache entry) (+5ms) (6/452)
01:42:34   ▶ /_astro/07-progress-and-gc.DI2POT_w_Z2qPTyT.webp (reused cache entry) (+1ms) (7/452)
01:42:34   ▶ /_astro/01-ack-gap.DOBxEWQC_Z1OC0Bg.webp (reused cache entry) (+1ms) (8/452)
01:42:34   ▶ /_astro/03-inbox.D_GMg9UW_Z1q9MC6.webp (reused cache entry) (+1ms) (9/452)
01:42:34   ▶ /_astro/02-xa.Dkm2o5T2_ZiBYl3.webp (reused cache entry) (+2ms) (10/452)
01:42:34   ▶ /_astro/04-outbox.B20Mcnw5_2ktrHg.webp (reused cache entry) (+3ms) (11/452)
01:42:34   ▶ /_astro/05-eos.DroYcCj7_gugf.webp (reused cache entry) (+2ms) (12/452)
01:42:34   ▶ /_astro/06-external.CbZF3hom_1WXR3z.webp (reused cache entry) (+2ms) (13/452)
01:42:34   ▶ /_astro/kafka-architecture-zh.reEPVd1D_Z2snqeA.webp (reused cache entry) (+1ms) (14/452)
01:42:34   ▶ /_astro/pulsar-architecture-zh.CJNRl7zl_HPwXE.webp (reused cache entry) (+2ms) (15/452)
01:42:34   ▶ /_astro/warpstream-architecture-zh.BUi5uaWl_nu0HE.webp (reused cache entry) (+2ms) (16/452)
01:42:34   ▶ /_astro/discovery-cache.Mvzjhcus_ZH2887.webp (reused cache entry) (+1ms) (17/452)
01:42:34   ▶ /_astro/redpanda-architecture-zh.BqspFcaP_ZEJmUc.webp (reused cache entry) (+2ms) (18/452)
01:42:34   ▶ /_astro/zookeeper-session.Cb_BYBy1_ZrEXgD.webp (reused cache entry) (+1ms) (19/452)
01:42:34   ▶ /_astro/prevote-election-flow.DMIcxqz1_OhCzI.webp (reused cache entry) (+3ms) (20/452)
01:42:34   ▶ /_astro/etcd-lease.C0oK9gbK_Z1etWwI.webp (reused cache entry) (+3ms) (21/452)
01:42:34   ▶ /_astro/raft-prevote.DNdgnxZT_Z1ULEf8.webp (reused cache entry) (+3ms) (22/452)
01:42:34   ▶ /_astro/linearizable-read-flow.BF7ymLlj_2chPb1.webp (reused cache entry) (+1ms) (23/452)
01:42:34   ▶ /_astro/raft-leader-noop.DFehQ1Hp_Cci0C.webp (reused cache entry) (+1ms) (24/452)
01:42:34   ▶ /_astro/leader-read-flow.ikhJUouX_1aX5jf.webp (reused cache entry) (+1ms) (25/452)
01:42:34   ▶ /_astro/counter-and-fencing.DZ3o6a5H_TOcwX.webp (reused cache entry) (+1ms) (26/452)
01:42:34   ▶ /_astro/serial-transactions.BLANg8ND_18FLmq.webp (reused cache entry) (+1ms) (27/452)
01:42:34   ▶ /_astro/consensus-primitives-v2.V40DTQ9h_ZAjq7K.webp (reused cache entry) (+1ms) (28/452)
01:42:34   ▶ /_astro/broadcast-log-decision.C-1KtDre_4AlPh.webp (reused cache entry) (+3ms) (29/452)
01:42:34   ▶ /_astro/0-01-safety-liveness.anAcK7Db_1geBSX.webp (reused cache entry) (+3ms) (30/452)
01:42:34   ▶ /_astro/regional-architecture.BjcsztVu_ZqdBEg.svg (reused cache entry) (+4ms) (31/452)
01:42:34   ▶ /_astro/0-02-indistinguishability.CbcTgOdJ_Z1FFFjY.webp (reused cache entry) (+3ms) (32/452)
01:42:34   ▶ /_astro/0-03-common-knowledge.DRyOC7aL_MMpiW.webp (reused cache entry) (+3ms) (33/452)
01:42:34   ▶ /_astro/1-01-two-generals.N8rdbVaE_2EpBH.webp (reused cache entry) (+3ms) (34/452)
01:42:34   ▶ /_astro/1-02-byzantine-3f-plus-1.DCRuhbFz_1mejG5.webp (reused cache entry) (+1ms) (35/452)
01:42:34   ▶ /_astro/1-03-flp-bivalence.BchaJBM9_c38zL.webp (reused cache entry) (+1ms) (36/452)
01:42:34   ▶ /_astro/1-04-common-knowledge-unreachable.BaIi6QOt_Z2kbq27.webp (reused cache entry) (+1ms) (37/452)
01:42:34   ▶ /_astro/1-05-atomic-commit-blocking.UsLRtoK8_2rS7Jt.webp (reused cache entry) (+1ms) (38/452)
01:42:34   ▶ /_astro/1-06-imperfect-failure-detector.CMRPE-EJ_MbJxF.webp (reused cache entry) (+1ms) (39/452)
01:42:34   ▶ /_astro/1-07-clock-synchronization-lower-bound.DyVmZH6f_Z17RjCR.webp (reused cache entry) (+1ms) (40/452)
01:42:34   ▶ /_astro/1-08-vector-clock-dimension-lower-bound.NZiQXn6v_Z2rXf4V.webp (reused cache entry) (+1ms) (41/452)
01:42:34   ▶ /_astro/1-09-exactly-once-delivery-impossibility.DL5cs-d0_VkBNF.webp (reused cache entry) (+1ms) (42/452)
01:42:34   ▶ /_astro/1-10-anonymous-leader-election.BfUf782o_xKKJt.webp (reused cache entry) (+1ms) (43/452)
01:42:34   ▶ /_astro/1-11-set-consensus-topology.DbW_HbBU_1EsQf5.webp (reused cache entry) (+2ms) (44/452)
01:42:34   ▶ /_astro/2-01-cap-theorem.eieQzu1O_igi42.webp (reused cache entry) (+2ms) (45/452)
01:42:34   ▶ /_astro/2-02-harvest-yield.CpC9-Y8w_Z1sFDzm.webp (reused cache entry) (+3ms) (46/452)
01:42:34   ▶ /_astro/2-03-pacelc.CGKt0aex_Z2f56At.webp (reused cache entry) (+3ms) (47/452)
01:42:34   ▶ /_astro/2-05-snow-theorem.DQUs_TOl_ZEnkVr.webp (reused cache entry) (+2ms) (48/452)
01:42:34   ▶ /_astro/2-06-nocs-port.oNrIhNpX_2a8IUg.webp (reused cache entry) (+2ms) (49/452)
01:42:34   ▶ /_astro/2-04-strong-consistency-latency-lower-bound.HLQz8anY_Z2dTkqI.webp (reused cache entry) (+4ms) (50/452)
01:42:34   ▶ /_astro/2-07-consensus-number-hierarchy.CKsJNaut_ZGG5du.webp (reused cache entry) (+2ms) (51/452)
01:42:34   ▶ /_astro/2-08-synchronous-round-lower-bound.DYt6GxsX_xbpb3.webp (reused cache entry) (+7ms) (52/452)
01:42:34   ▶ /_astro/2-09-highly-available-transactions.CL13ceJP_dBsGq.webp (reused cache entry) (+7ms) (53/452)
01:42:34   ▶ /_astro/2-10-amdahl-usl-coordination-cost.Cb2MeIhd_ZU1pkC.webp (reused cache entry) (+7ms) (54/452)
01:42:34   ▶ /_astro/3-01-happened-before-logical-clocks.Ch6rEJ-J_Z9zU4j.webp (reused cache entry) (+8ms) (55/452)
01:42:34   ▶ /_astro/3-02-vector-clocks.CFtnA8Zk_ZffEy8.webp (reused cache entry) (+6ms) (56/452)
01:42:34   ▶ /_astro/3-03-chandy-lamport-snapshot.Duz1HB9R_ZcU4xR.webp (reused cache entry) (+3ms) (57/452)
01:42:34   ▶ /_astro/3-04-linearizability.CyMCcvdV_27e1yJ.webp (reused cache entry) (+1ms) (58/452)
01:42:34   ▶ /_astro/3-05-session-guarantees.DsQANEAh_qcgrt.webp (reused cache entry) (+1ms) (59/452)
01:42:34   ▶ /_astro/3-06-causal-consistency-availability-frontier.BBDWvGe__Z1zTPKW.webp (reused cache entry) (+1ms) (60/452)
01:42:34   ▶ /_astro/3-07-hybrid-logical-clock.CqxVpzem_1dEJdC.webp (reused cache entry) (+2ms) (61/452)
01:42:34   ▶ /_astro/4-01-partial-synchrony-dls.Vv2NxvBX_Z20dxod.webp (reused cache entry) (+2ms) (62/452)
01:42:34   ▶ /_astro/4-02-failure-detectors-omega.Q3Dj3Ftb_ZdeeBo.webp (reused cache entry) (+2ms) (63/452)
01:42:34   ▶ /_astro/4-03-consensus-atomic-broadcast-equivalence.BEXuCDV5_270oYL.webp (reused cache entry) (+1ms) (64/452)
01:42:34   ▶ /_astro/4-04-state-machine-replication.DlqXxKMX_Z1lOktn.webp (reused cache entry) (+1ms) (65/452)
01:42:34   ▶ /_astro/4-05-randomized-consensus.CURyEmsV_ZUN7xg.webp (reused cache entry) (+1ms) (66/452)
01:42:34   ▶ /_astro/4-06-paxos.LOQv0c_5_Zw0oNY.webp (reused cache entry) (+1ms) (67/452)
01:42:34   ▶ /_astro/4-07-raft-understandability.CQzvWe5p_Z1MdABo.webp (reused cache entry) (+1ms) (68/452)
01:42:34   ▶ /_astro/4-10-abd-register.C8osYLXX_2kwp1X.webp (reused cache entry) (+1ms) (69/452)
01:42:34   ▶ /_astro/4-08-quorum-intersection.DXxUmTRH_Z1ecekn.webp (reused cache entry) (+2ms) (70/452)
01:42:34   ▶ /_astro/4-09-flexible-paxos.Dgid3qxE_Z158J69.webp (reused cache entry) (+1ms) (71/452)
01:42:34   ▶ /_astro/4-11-pbft.C-zBVhYS_ZuYp4c.webp (reused cache entry) (+4ms) (72/452)
01:42:34   ▶ /_astro/4-12-nakamoto-consensus.CV-855uD_ZBvp0q.webp (reused cache entry) (+3ms) (73/452)
01:42:34   ▶ /_astro/4-13-paxos-commit.pDvAmRoI_IdBjH.webp (reused cache entry) (+3ms) (74/452)
01:42:34   ▶ /_astro/5-01-calm-theorem.CfYYPrUs_1dchPU.webp (reused cache entry) (+0ms) (75/452)
01:42:34   ▶ /_astro/5-02-invariant-confluence.DY6Ub8dM_2eS1H6.webp (reused cache entry) (+0ms) (76/452)
01:42:34   ▶ /_astro/5-03-crdt-semilattice.BKS9W9zi_lftX7.webp (reused cache entry) (+0ms) (77/452)
01:42:34   ▶ /_astro/5-04-saga-compensation.QNGqZYO5_ZBtV4M.webp (reused cache entry) (+0ms) (78/452)
01:42:34   ▶ /_astro/5-05-lease-fencing-token.Bs9GQPKZ_Zhsyk0.webp (reused cache entry) (+1ms) (79/452)
01:42:34   ▶ /_astro/5-07-self-stabilization.CWiveBBB_ZtkeSC.webp (reused cache entry) (+0ms) (80/452)
01:42:34   ▶ /_astro/6-01-byzantine-naming-history.7RUiU8Xr_OwS75.webp (reused cache entry) (+0ms) (81/452)
01:42:34   ▶ /_astro/6-02-paxos-nine-year-publication._4dIvfHT_1Gxlm7.webp (reused cache entry) (+0ms) (82/452)
01:42:34   ▶ /_astro/6-03-paxos-made-live-engineering-gap.CSQTh44H_222IqW.webp (reused cache entry) (+1ms) (83/452)
01:42:34   ▶ /_astro/6-04-dining-philosophers-deadlock.I9LL9mib_Z2wWvE7.webp (reused cache entry) (+1ms) (84/452)
01:42:34   ▶ /_astro/5-06-spanner-truetime.B9IuNC2q_SF5Dj.webp (reused cache entry) (+1ms) (85/452)
01:42:34   ▶ /_astro/6-05-hidden-dependency-definition.B3m8YOPs_WMyM1.webp (reused cache entry) (+1ms) (86/452)
01:42:34   ▶ /_astro/6-06-eight-fallacies.DFb8OviR_qcEAB.webp (reused cache entry) (+0ms) (87/452)
01:42:34   ▶ /_astro/6-07-split-brain-stonith.BQqhWc-i_lxkUj.webp (reused cache entry) (+1ms) (88/452)
01:42:34   ▶ /_astro/6-08-tail-at-scale.DzF94J39_Z1NXJ0F.webp (reused cache entry) (+1ms) (89/452)
01:42:34   ▶ /_astro/6-09-gc-zombie-leader.7yqAl-bY_Z1O3DPH.webp (reused cache entry) (+1ms) (90/452)
01:42:34   ▶ /_astro/6-11-gray-failure.DMqGXRmP_Z1Kxztz.webp (reused cache entry) (+0ms) (91/452)
01:42:34   ▶ /_astro/6-10-leap-second-smear.C2M3a7C__Z1FAsfW.webp (reused cache entry) (+1ms) (92/452)
01:42:34   ▶ /_astro/6-12-metastable-failure.CkpgitWz_1aX30H.webp (reused cache entry) (+1ms) (93/452)
01:42:34   ▶ /_astro/6-13-jepsen-chaos-engineering.DvCOPx1g_Z1FAftv.webp (reused cache entry) (+1ms) (94/452)
01:42:34   ▶ /_astro/7-01-end-to-end-argument.CEkazoB4_1n9CPL.webp (reused cache entry) (+1ms) (95/452)
01:42:34   ▶ /_astro/7-02-idempotency-deduplication.Bsg_s8Pb_ZWMbTF.webp (reused cache entry) (+1ms) (96/452)
01:42:34   ▶ /_astro/7-03-conway-law.D-nFPonG_Z1X3U5k.webp (reused cache entry) (+1ms) (97/452)
01:42:34   ▶ /_astro/7-04-hyrum-law.XJw0zVfU_1tcI5B.webp (reused cache entry) (+1ms) (98/452)
01:42:34   ▶ /_astro/7-05-availability-multiplication.CIV3TUoT_9oUpi.webp (reused cache entry) (+1ms) (99/452)
01:42:34   ▶ /_astro/7-06-little-law-backpressure.BlVZ_3q9_tWHvN.webp (reused cache entry) (+1ms) (100/452)
01:42:34   ▶ /_astro/7-07-avoid-unnecessary-distribution.Afs4HNxt_Z2lmbys.webp (reused cache entry) (+1ms) (101/452)
01:42:34   ▶ /_astro/8-01-three-physical-constraints.BHweVqC__1vtB6O.webp (reused cache entry) (+1ms) (102/452)
01:42:34   ▶ /_astro/8-03-ten-purchased-assumptions.B1ubWtAn_ArjP9.webp (reused cache entry) (+0ms) (103/452)
01:42:34   ▶ /_astro/8-04-three-reading-disciplines.BEj6SO8L_TP0UR.webp (reused cache entry) (+0ms) (104/452)
01:42:34   ▶ /_astro/8-02-four-solution-channels.CEbni5Hg_SlwL7.webp (reused cache entry) (+0ms) (105/452)
01:42:34   ▶ /_astro/time_arrow.B830h9hp_ZFwqji.webp (reused cache entry) (+0ms) (106/452)
01:42:34   ▶ /_astro/paxos_consensus.CFePFXHe_ZEjaWO.webp (reused cache entry) (+1ms) (107/452)
01:42:34   ▶ /_astro/paxos_consensus_fail.CEsWm-AK_Z1uW4uK.webp (reused cache entry) (+1ms) (108/452)
01:42:34   ▶ /_astro/paxos_phase2.BkjrMvTd_Olgqz.webp (reused cache entry) (+1ms) (109/452)
01:42:34   ▶ /_astro/paxos_grid_quorum.B785zEBI_22zX6x.webp (reused cache entry) (+1ms) (110/452)
01:42:34   ▶ /_astro/fig_01_compression_framework_imagegen.CIoPVZHO_13kQCV.webp (reused cache entry) (+1ms) (111/452)
01:42:34   ▶ /_astro/m1_main_capacity.DeECOC9-_2bGtGN.webp (reused cache entry) (+1ms) (112/452)
01:42:34   ▶ /_astro/s2_tsbs_scale_capacity.cK2QY9mX_1aTMSR.webp (reused cache entry) (+1ms) (113/452)
01:42:34   ▶ /_astro/controlled_s1_s4_capacity.bblyrX2z_Z2n2IRG.webp (reused cache entry) (+1ms) (114/452)
01:42:34   ▶ /_astro/s3_20m_capacity_columns.gxc6PRZ8_1hyeT3.webp (reused cache entry) (+1ms) (115/452)
01:42:34   ▶ /_astro/controlled_s5_segment_granularity.1FtZ8VCy_1XunBG.webp (reused cache entry) (+0ms) (116/452)
01:42:34   ▶ /_astro/image-20260429132343-ygmbchg.i_TXixck_Z1URQCJ.webp (reused cache entry) (+0ms) (117/452)
01:42:34   ▶ /_astro/image-20260429142708-e4z0i6a.CZf9f8Zp_Z2t4UBo.webp (reused cache entry) (+0ms) (118/452)
01:42:34   ▶ /_astro/image-20260429142835-jl5xd71.ZkmTh45t_Z19mC2Q.webp (reused cache entry) (+3ms) (119/452)
01:42:34   ▶ /_astro/image-20260429132442-2c2jn87.ByVt9niM_ZTngAr.webp (reused cache entry) (+3ms) (120/452)
01:42:34   ▶ /_astro/image-20260429154548-2l37d8a.DQzOigGo_Z13QQli.webp (reused cache entry) (+3ms) (121/452)
01:42:34   ▶ /_astro/image-20260429142940-zqbjp77.CuGIMVfN_hYJTg.webp (reused cache entry) (+3ms) (122/452)
01:42:34   ▶ /_astro/image-20260512140325-busesaf.D6j6-En3_ZPWAeW.webp (reused cache entry) (+3ms) (123/452)
01:42:34   ▶ /_astro/image-20260512140355-l8tavb6.OJjJaZPS_Z1DD0Cv.webp (reused cache entry) (+3ms) (124/452)
01:42:34   ▶ /_astro/image-20260512140407-mgtn59b.B8L4qwvW_Zj6VIz.webp (reused cache entry) (+1ms) (125/452)
01:42:34   ▶ /_astro/image-20260512140420-j1pqsa1.enjdj4I__H1yP2.webp (reused cache entry) (+1ms) (126/452)
01:42:34   ▶ /_astro/image-20260512140432-zj2d07c.dDw1WZB9_26I9Ni.webp (reused cache entry) (+0ms) (127/452)
01:42:34   ▶ /_astro/image-20260512140444-a2ei9at.CGo8_XtP_190YwC.webp (reused cache entry) (+0ms) (128/452)
01:42:34   ▶ /_astro/image-20260512144421-z5azd7e.iHDJfiq7_Z2oU7zc.webp (reused cache entry) (+1ms) (129/452)
01:42:34   ▶ /_astro/image-20260506122830-6r9tasw.BKDYnk3__Z2ab8bA.webp (reused cache entry) (+1ms) (130/452)
01:42:34   ▶ /_astro/image-20260429142002-hp2jero.DVZd4Fsw_Z2vtsEy.webp (reused cache entry) (+1ms) (131/452)
01:42:34   ▶ /_astro/image-20260429155254-g0eas5a.qntV7_95_25ySXY.webp (reused cache entry) (+1ms) (132/452)
01:42:34   ▶ /_astro/image-20260512160056-p6megmn.DROUYP1c_1e0iEa.webp (reused cache entry) (+1ms) (133/452)
01:42:34   ▶ /_astro/image-20260512160446-fo18a82.HU34BsfM_Z2uDL8K.webp (reused cache entry) (+1ms) (134/452)
01:42:34   ▶ /_astro/image-20260512160617-t0mz9un.CwW6kR_6_G7Abv.webp (reused cache entry) (+1ms) (135/452)
01:42:34   ▶ /_astro/image-20260512150307-wk3t0z5.DDZ3oPUe_d6Csx.webp (reused cache entry) (+1ms) (136/452)
01:42:34   ▶ /_astro/image-20260512151807-km01op3.DbFE3i5X_1Dmwgt.webp (reused cache entry) (+1ms) (137/452)
01:42:34   ▶ /_astro/image-20260512150400-wi459h6.D08sE12Y_sKtAr.webp (reused cache entry) (+1ms) (138/452)
01:42:34   ▶ /_astro/image-20260512145317-wt5tdm8.Yg7s8uBQ_259BuR.webp (reused cache entry) (+1ms) (139/452)
01:42:34   ▶ /_astro/image-20260512144531-n7w321t.yuXlEc50_1Xbvlq.webp (reused cache entry) (+1ms) (140/452)
01:42:34   ▶ /_astro/image-20260512141445-fkfteuf.rAX-kzVD_Z1yaHp6.webp (reused cache entry) (+1ms) (141/452)
01:42:34   ▶ /_astro/image-20260512142610-x1o0s5e.3TLP_4G8_ZEJEiv.webp (reused cache entry) (+1ms) (142/452)
01:42:34   ▶ /_astro/image-20260429161704-mhy6vm3.BVo-k2ry_Z1Jmzu7.webp (reused cache entry) (+1ms) (143/452)
01:42:34   ▶ /_astro/image-20260429164131-wmdcyvz.BHZVgsrR_Z9F3n5.webp (reused cache entry) (+1ms) (144/452)
01:42:34   ▶ /_astro/image-20260512142929-24x52op.DF-_Uh1B_66npz.webp (reused cache entry) (+0ms) (145/452)
01:42:34   ▶ /_astro/image-20260512143819-hoikrou.C66jWr0U_1rCgtr.webp (reused cache entry) (+0ms) (146/452)
01:42:34   ▶ /_astro/image-20260512163007-rmqw9p3.lYz8oq-R_1xk8Wk.webp (reused cache entry) (+0ms) (147/452)
01:42:34   ▶ /_astro/image-20260512163034-rjka8eu.DIhvYAhU_Z1wdjUI.webp (reused cache entry) (+0ms) (148/452)
01:42:34   ▶ /_astro/image-20260512163050-tvjsgnb.DIB99zB2_2gvSbe.webp (reused cache entry) (+0ms) (149/452)
01:42:34   ▶ /_astro/image-20260512162648-051csyp.D4_fwHmB_2iUv0q.webp (reused cache entry) (+0ms) (150/452)
01:42:34   ▶ /_astro/image-20260512152752-017ps3y.DbcQ2phe_Z1mRT6L.webp (reused cache entry) (+0ms) (151/452)
01:42:34   ▶ /_astro/image-20260512152616-f6scf2g.DnWeRxZr_1EbxWh.webp (reused cache entry) (+0ms) (152/452)
01:42:34   ▶ /_astro/image-20260512141824-8by77my.ZUSexG13_Z29Nncu.webp (reused cache entry) (+0ms) (153/452)
01:42:34   ▶ /_astro/image-20260512141833-8vdg6jc.BYWzmAod_ZxrLLH.webp (reused cache entry) (+0ms) (154/452)
01:42:34   ▶ /_astro/image-20260512154459-kcocb3x.CS1T-Qkn_1LCRxn.webp (reused cache entry) (+0ms) (155/452)
01:42:34   ▶ /_astro/image-20260429162017-xl8pgae.Dm50Bj-c_Z2cXjH.webp (reused cache entry) (+0ms) (156/452)
01:42:34   ▶ /_astro/image-20260512154306-520httz.GYgKYkeE_KpjqY.webp (reused cache entry) (+1ms) (157/452)
01:42:34   ▶ /_astro/image-20260512161904-giyrd1c.DlpRY3ai_1AS9w8.webp (reused cache entry) (+1ms) (158/452)
01:42:34   ▶ /_astro/image-20260429005402-5nacf1r.D9K4ZZGo_1UeIAx.webp (reused cache entry) (+1ms) (159/452)
01:42:34   ▶ /_astro/image-20260429153450-nq0zsx4.B_vK2sIz_T9wwV.webp (reused cache entry) (+1ms) (160/452)
01:42:34   ▶ /_astro/image-20260430111847-can966z.DpauAkNj_G7E8H.webp (reused cache entry) (+1ms) (161/452)
01:42:34   ▶ /_astro/image-20260512154842-5eyglrw.DHziyggf_Zo3Nwj.webp (reused cache entry) (+1ms) (162/452)
01:42:34   ▶ /_astro/figure-1-memory-architectures.gP8TPTid_XrYeQ.webp (reused cache entry) (+1ms) (163/452)
01:42:34   ▶ /_astro/figure-2-cxl-memory-disaggregation.nuK2bu8J_Z18PdNa.webp (reused cache entry) (+1ms) (164/452)
01:42:34   ▶ /_astro/fig-01.CfnsDNw7_e1s3r.webp (reused cache entry) (+0ms) (165/452)
01:42:34   ▶ /_astro/fig-02.DpIMw8xM_ZicWzt.webp (reused cache entry) (+1ms) (166/452)
01:42:34   ▶ /_astro/icon-p07-1.Dx7-5DKM_nTQJC.webp (reused cache entry) (+1ms) (167/452)
01:42:34   ▶ /_astro/icon-p07-2.DIRZKkst_ZuUwkb.webp (reused cache entry) (+1ms) (168/452)
01:42:34   ▶ /_astro/fig-03.CDFQSD6e_Z1Am7Sh.webp (reused cache entry) (+1ms) (169/452)
01:42:34   ▶ /_astro/icon-p07-3.B8Cs60_j_1sBwR.webp (reused cache entry) (+1ms) (170/452)
01:42:34   ▶ /_astro/icon-p07-4.DhT_mi48_1Rhu3e.webp (reused cache entry) (+0ms) (171/452)
01:42:34   ▶ /_astro/fig-self-attention.CxB8Ok8J_Z1fj7uw.webp (reused cache entry) (+0ms) (172/452)
01:42:34   ▶ /_astro/icon-p07-5.DW0eaRfj_Z2rLdgq.webp (reused cache entry) (+0ms) (173/452)
01:42:34   ▶ /_astro/icon-p07-6.abNkSQt3_1m9oBf.webp (reused cache entry) (+0ms) (174/452)
01:42:34   ▶ /_astro/fig-04.ClUP4zl6_2kCvr0.webp (reused cache entry) (+0ms) (175/452)
01:42:34   ▶ /_astro/icon-p08-2.BEON3iUd_MJvPU.webp (reused cache entry) (+1ms) (176/452)
01:42:34   ▶ /_astro/icon-p08-1.B91siER-_1mubgt.webp (reused cache entry) (+2ms) (177/452)
01:42:34   ▶ /_astro/fig-07.DE_9_-A1_2aGqtl.webp (reused cache entry) (+1ms) (178/452)
01:42:34   ▶ /_astro/icon-p09-2.WM2flEi-_xRGwG.webp (reused cache entry) (+0ms) (179/452)
01:42:34   ▶ /_astro/fig-05.C-0D_xqb_Z1Ve988.webp (reused cache entry) (+2ms) (180/452)
01:42:34   ▶ /_astro/fig-06.BU_6d8zT_4jaJ2.webp (reused cache entry) (+2ms) (181/452)
01:42:34   ▶ /_astro/icon-p09-1.CepCROXD_Z13jDW0.webp (reused cache entry) (+2ms) (182/452)
01:42:34   ▶ /_astro/icon-p10-1.DTYXjoAF_8tbrY.webp (reused cache entry) (+1ms) (183/452)
01:42:34   ▶ /_astro/icon-p10-2.CxdvVszy_1zN5I4.webp (reused cache entry) (+0ms) (184/452)
01:42:34   ▶ /_astro/icon-p10-3.Bu7QMMpY_ZI0E00.webp (reused cache entry) (+1ms) (185/452)
01:42:34   ▶ /_astro/fig-08.gdEq1Rjl_Zr0Pos.webp (reused cache entry) (+0ms) (186/452)
01:42:34   ▶ /_astro/fig-09.DlLDJE_R_ZjVTNp.webp (reused cache entry) (+0ms) (187/452)
01:42:34   ▶ /_astro/fig-phase2.BjoCcrvf_1OivOu.webp (reused cache entry) (+1ms) (188/452)
01:42:34   ▶ /_astro/table-01.DXq-HEYg_Z11T47K.webp (reused cache entry) (+1ms) (189/452)
01:42:34   ▶ /_astro/fig-10.DRNf0k___GFXwE.webp (reused cache entry) (+1ms) (190/452)
01:42:34   ▶ /_astro/fig-11.mE0FsURS_ZWLg3H.webp (reused cache entry) (+1ms) (191/452)
01:42:34   ▶ /_astro/fig-12.BYSIRJhv_gJyih.webp (reused cache entry) (+1ms) (192/452)
01:42:34   ▶ /_astro/figure-1.DKr9wOIy_ZCaWIx.webp (reused cache entry) (+1ms) (193/452)
01:42:34   ▶ /_astro/figure-2.0Fp7IUfT_1QJUhq.webp (reused cache entry) (+1ms) (194/452)
01:42:34   ▶ /_astro/figure-3.B1O6FS60_1jqYWK.webp (reused cache entry) (+1ms) (195/452)
01:42:34   ▶ /_astro/figure-01-hierarchical-namespace.BioPCDpZ_ZSeLep.webp (reused cache entry) (+1ms) (196/452)
01:42:34   ▶ /_astro/figure-02-fetching-service-workload.7VsgEiOw_Zmd1xj.webp (reused cache entry) (+1ms) (197/452)
01:42:34   ▶ /_astro/figure-04-zookeeper-components.Baps0zO7_Zv6z0S.webp (reused cache entry) (+0ms) (198/452)
01:42:34   ▶ /_astro/figure-03-ymb-znode-layout.C5xAIMVY_Z1sGuKV.webp (reused cache entry) (+1ms) (199/452)
01:42:34   ▶ /_astro/figure-05-saturated-throughput.CqosoAba_ZDtCbc.webp (reused cache entry) (+0ms) (200/452)
01:42:34   ▶ /_astro/figure-06-leader-only-throughput.FMQ5tclN_2g2H9U.webp (reused cache entry) (+0ms) (201/452)
01:42:34   ▶ /_astro/figure-07-atomic-broadcast-throughput.Ctx5OY3u_29RaWi.webp (reused cache entry) (+0ms) (202/452)
01:42:34   ▶ /_astro/figure-08-failure-throughput.5MWyIBpO_173mq9.webp (reused cache entry) (+0ms) (203/452)
01:42:34   ▶ /_astro/figure-01.GnS6hC9A_ZKi9LU.webp (reused cache entry) (+0ms) (204/452)
01:42:34   ▶ /_astro/figure-02.X0jPBsMX_Z1Y3gcq.webp (reused cache entry) (+0ms) (205/452)
01:42:34   ▶ /_astro/figure-03.BCqSX6y-_24KNzU.webp (reused cache entry) (+0ms) (206/452)
01:42:34   ▶ /_astro/figure-04.Bi5XzlFJ_Z23t8mI.webp (reused cache entry) (+0ms) (207/452)
01:42:34   ▶ /_astro/figure-05.2bYu47wg_Z1iW95l.webp (reused cache entry) (+0ms) (208/452)
01:42:34   ▶ /_astro/figure-06.pKYD0en2_Z25qAew.webp (reused cache entry) (+0ms) (209/452)
01:42:34   ▶ /_astro/figure-07.Xc5DL8P-_ZRscTy.webp (reused cache entry) (+0ms) (210/452)
01:42:34   ▶ /_astro/figure-08.CQe32JsJ_Z1lvSB7.webp (reused cache entry) (+0ms) (211/452)
01:42:34   ▶ /_astro/figure-09.x0BHTBXw_zBktJ.webp (reused cache entry) (+0ms) (212/452)
01:42:34   ▶ /_astro/figure-10.4bHKD4r0_z4JhT.webp (reused cache entry) (+0ms) (213/452)
01:42:34   ▶ /_astro/figure-11.oRLvgK7n_Z9FqIM.webp (reused cache entry) (+0ms) (214/452)
01:42:34   ▶ /_astro/figure-12.5pKeLrrX_Fj08k.webp (reused cache entry) (+0ms) (215/452)
01:42:34   ▶ /_astro/figure-13.DBujkeAd_1KJ1hy.webp (reused cache entry) (+0ms) (216/452)
01:42:34   ▶ /_astro/figure-14.R8iEP7hZ_2gjBsU.webp (reused cache entry) (+0ms) (217/452)
01:42:34   ▶ /_astro/figure-15.v3Zye3dd_Ny4iH.webp (reused cache entry) (+0ms) (218/452)
01:42:34   ▶ /_astro/table-01.BLJWAFCH_1v5btR.webp (reused cache entry) (+0ms) (219/452)
01:42:34   ▶ /_astro/figure-16.DUZ2cesS_eCSWE.webp (reused cache entry) (+0ms) (220/452)
01:42:34   ▶ /_astro/figure-1.B5Rd3YNu_ZCJjls.webp (reused cache entry) (+0ms) (221/452)
01:42:34   ▶ /_astro/figure-2.CjqU_Dtw_Z22Qi6p.webp (reused cache entry) (+0ms) (222/452)
01:42:34   ▶ /_astro/figure-3.BBJjOwb9_ZSap7I.webp (reused cache entry) (+0ms) (223/452)
01:42:34   ▶ /_astro/figure-4.CwBJ_0Yb_Z2m6wi6.webp (reused cache entry) (+0ms) (224/452)
01:42:34   ▶ /_astro/figure-5.DfiERz5h_2jr4Br.webp (reused cache entry) (+0ms) (225/452)
01:42:34   ▶ /_astro/figure-6.DCxakJ_O_RTGKL.webp (reused cache entry) (+0ms) (226/452)
01:42:34   ▶ /_astro/figure-7.Bc2s2LVH_1dn2oq.webp (reused cache entry) (+1ms) (227/452)
01:42:34   ▶ /_astro/figure-8.DyKoCyNb_Z9q2rT.webp (reused cache entry) (+1ms) (228/452)
01:42:34   ▶ /_astro/figure-9.DC6Hxcew_ZKIyYl.webp (reused cache entry) (+1ms) (229/452)
01:42:34   ▶ /_astro/figure-10.C78yTwk8_D39y3.webp (reused cache entry) (+1ms) (230/452)
01:42:34   ▶ /_astro/figure-11.xiQ4CdiQ_Z5MlAJ.webp (reused cache entry) (+1ms) (231/452)
01:42:34   ▶ /_astro/figure-1.CwTYQ_uY_1xIf1U.webp (reused cache entry) (+0ms) (232/452)
01:42:34   ▶ /_astro/table-1.9LeREjfx_13HFku.webp (reused cache entry) (+0ms) (233/452)
01:42:34   ▶ /_astro/figure-2.C59cv_g0_1LR87O.webp (reused cache entry) (+0ms) (234/452)
01:42:34   ▶ /_astro/figure-1.CSnKX1nT_ZNoOGm.webp (reused cache entry) (+0ms) (235/452)
01:42:34   ▶ /_astro/figure-2.B-2zql_J_1YuRDo.webp (reused cache entry) (+0ms) (236/452)
01:42:34   ▶ /_astro/figure-3.CbFNeyqY_Z1lRJEw.webp (reused cache entry) (+0ms) (237/452)
01:42:34   ▶ /_astro/figure-01-cloudybench-overview.BtIDHkVJ_Z1SbWwO.webp (reused cache entry) (+0ms) (238/452)
01:42:34   ▶ /_astro/figure-02-microservice-schema.CknOEYZN_Z25LG5A.webp (reused cache entry) (+0ms) (239/452)
01:42:34   ▶ /_astro/figure-03-elasticity-patterns.S3b7x7aO_Z23IxvM.webp (reused cache entry) (+0ms) (240/452)
01:42:34   ▶ /_astro/figure-04-multi-tenancy-patterns.DHJardKb_t0Qa8.webp (reused cache entry) (+0ms) (241/452)
01:42:34   ▶ /_astro/figure-05-transaction-processing.lcy8X2M0_eFwFz.webp (reused cache entry) (+0ms) (242/452)
01:42:34   ▶ /_astro/figure-06-elasticity-evaluation.iomplNtr_ZdJJNo.webp (reused cache entry) (+0ms) (243/452)
01:42:34   ▶ /_astro/figure-08-buffer-size.iwDXI_0S_Z20Xrhn.webp (reused cache entry) (+0ms) (244/452)
01:42:34   ▶ /_astro/figure-07-cdb4-failover-timeline.DHEwQoJR_1YKiyN.webp (reused cache entry) (+0ms) (245/452)
01:42:34   ▶ /_astro/figure-09-cpu-fluctuation.DvR4unxy_1Fxsvf.webp (reused cache entry) (+1ms) (246/452)
01:42:34   ▶ /_astro/scheduling-framework-extensions.Dt6SCbxe_1P6CA6.webp (reused cache entry) (+1ms) (247/452)
01:42:34   ▶ /_astro/components.ByjhHnei_1XUIyG.webp (reused cache entry) (+1ms) (248/452)
01:42:34   ▶ /_astro/architecture_pre.QLrAOUuk_ZnzNwp.webp (reused cache entry) (+1ms) (249/452)
01:42:34   ▶ /_astro/communication.Nh7YEFAI_2sazW9.webp (reused cache entry) (+1ms) (250/452)
01:42:34   ▶ /_astro/architecture_post.DFswBdeC_166Jud.webp (reused cache entry) (+1ms) (251/452)
01:42:34   ▶ /_astro/figure-1-single-chubby-replica.BtK6Tp6p_Z27jbel.webp (reused cache entry) (+0ms) (252/452)
01:42:34   ▶ /_astro/dbs.C5QrOYAW_2jRMmR.webp (reused cache entry) (+0ms) (253/452)
01:42:34   ▶ /_astro/figure-2-fault-tolerant-log-api.pdn5mm1B_Z1mMpgF.webp (reused cache entry) (+0ms) (254/452)
01:42:34   ▶ /_astro/table-1-performance-comparison.CqmdeQeK_2oLqDH.webp (reused cache entry) (+0ms) (255/452)
01:42:34   ▶ /_astro/figure-01.1BHBowPw_Z2dejPs.webp (reused cache entry) (+0ms) (256/452)
01:42:34   ▶ /_astro/figure-02.Cro0aRiN_ZxuBWa.webp (reused cache entry) (+0ms) (257/452)
01:42:34   ▶ /_astro/figure-03.BYiUbrZ5_Z2mAxPl.webp (reused cache entry) (+0ms) (258/452)
01:42:34   ▶ /_astro/figure-04.Bl3FIuA1_ZJtdGA.webp (reused cache entry) (+0ms) (259/452)
01:42:34   ▶ /_astro/table-01.sZeAmHoF_1RSVji.webp (reused cache entry) (+0ms) (260/452)
01:42:34   ▶ /_astro/table-02.Ddsv6hLL_Z1iMF5w.webp (reused cache entry) (+0ms) (261/452)
01:42:34   ▶ /_astro/figure-05.DocxrsOR_y3QD9.webp (reused cache entry) (+0ms) (262/452)
01:42:34   ▶ /_astro/figure-06.18-lQSt8_ZTCAeH.webp (reused cache entry) (+0ms) (263/452)
01:42:34   ▶ /_astro/figure-07.tVnRf4Ck_ZmNDGh.webp (reused cache entry) (+0ms) (264/452)
01:42:34   ▶ /_astro/figure-08.BrQf_6kz_14ew88.webp (reused cache entry) (+0ms) (265/452)
01:42:34   ▶ /_astro/figure-09.CYRnmAe1_2cnfqL.webp (reused cache entry) (+0ms) (266/452)
01:42:34   ▶ /_astro/figure-11.B9HWhGGu_2uaQPq.webp (reused cache entry) (+0ms) (267/452)
01:42:34   ▶ /_astro/figure-10.C8viPnDN_Zh3mO5.webp (reused cache entry) (+0ms) (268/452)
01:42:34   ▶ /_astro/figure-12.C9sMHuCp_27bimz.webp (reused cache entry) (+0ms) (269/452)
01:42:34   ▶ /_astro/figure-14.DJKRySO0_XY5wR.webp (reused cache entry) (+0ms) (270/452)
01:42:34   ▶ /_astro/figure-13.BtnkZZwA_mvLs7.webp (reused cache entry) (+0ms) (271/452)
01:42:34   ▶ /_astro/figure-16.C22e8RFL_ZJhk43.webp (reused cache entry) (+0ms) (272/452)
01:42:34   ▶ /_astro/figure-15.CmQ1mlsK_1Ckuik.webp (reused cache entry) (+1ms) (273/452)
01:42:34   ▶ /_astro/figure-01.Dl0aejmD_Z1rhJEo.webp (reused cache entry) (+0ms) (274/452)
01:42:34   ▶ /_astro/figure-02.8AJIVB3P_178JlR.webp (reused cache entry) (+0ms) (275/452)
01:42:34   ▶ /_astro/figure-03.BVG49ptM_17lS9Y.webp (reused cache entry) (+0ms) (276/452)
01:42:34   ▶ /_astro/figure-04.CfnKeiDH_Z21VrIf.webp (reused cache entry) (+0ms) (277/452)
01:42:34   ▶ /_astro/figure-02-block-location.Bs2mCIfy_1Ostzc.webp (reused cache entry) (+0ms) (278/452)
01:42:34   ▶ /_astro/figure-01-system-structure.Ex98dapw_1anGcf.webp (reused cache entry) (+0ms) (279/452)
01:42:34   ▶ /_astro/figure-03-fab-mttdl.D5LTK0BP_hRV0o.webp (reused cache entry) (+0ms) (280/452)
01:42:34   ▶ /_astro/figure-05.BESFShOA_Z2qtcba.webp (reused cache entry) (+0ms) (281/452)
01:42:34   ▶ /_astro/figure-04-replication-algorithm.Bw1fTvas_Z13MFQq.webp (reused cache entry) (+0ms) (282/452)
01:42:34   ▶ /_astro/figure-05-two-round-write.Cpyy1X6w_1fym31.webp (reused cache entry) (+0ms) (283/452)
01:42:34   ▶ /_astro/figure-06-erasure-coded-segment.BwDqtfdb_Z1AK33t.webp (reused cache entry) (+0ms) (284/452)
01:42:34   ▶ /_astro/figure-07-erasure-coding-algorithm.BJYa1pj3_1TrlMe.webp (reused cache entry) (+0ms) (285/452)
01:42:34   ▶ /_astro/figure-08-reconfiguration.BSL34n9x_Z1OJC7E.webp (reused cache entry) (+0ms) (286/452)
01:42:34   ▶ /_astro/figure-09-state-synchronization.CW9kT6lB_Z1iuSUh.webp (reused cache entry) (+0ms) (287/452)
01:42:34   ▶ /_astro/figure-10-redundancy-mttdl.Bq6wGjfS_d2jqX.webp (reused cache entry) (+0ms) (288/452)
01:42:34   ▶ /_astro/figure-11-db-throughput.pK42OAKD_2dNObF.webp (reused cache entry) (+0ms) (289/452)
01:42:34   ▶ /_astro/figure-12-large-io-throughput.CL9gMuUq_fR78X.webp (reused cache entry) (+0ms) (290/452)
01:42:34   ▶ /_astro/figure-14-latency-cdf.CB2QOC_n_Z11TbKN.webp (reused cache entry) (+0ms) (291/452)
01:42:34   ▶ /_astro/figure-15-quorum-failure-recovery.ByBa52ZK_ZdpHCO.webp (reused cache entry) (+0ms) (292/452)
01:42:34   ▶ /_astro/figure-16-master-slave-failure-recovery.DaHnzRVT_ZAIrk1.webp (reused cache entry) (+0ms) (293/452)
01:42:34   ▶ /_astro/figure-13-master-slave-throughput.C1YpWpOM_ZfiDKm.webp (reused cache entry) (+0ms) (294/452)
01:42:34   ▶ /_astro/figure-17-double-failure.ziMMrJkK_Z1IswBS.webp (reused cache entry) (+0ms) (295/452)
01:42:34   ▶ /_astro/figure-18-rebalance.DeD6xrDc_1u4gz3.webp (reused cache entry) (+0ms) (296/452)
01:42:34   ▶ /_astro/figure-01-fifo-queue-histories.BiAjaEWr_1d5EXg.webp (reused cache entry) (+0ms) (297/452)
01:42:34   ▶ /_astro/figure-02-register-histories.DiDqZYPR_Z19nusr.webp (reused cache entry) (+0ms) (298/452)
01:42:34   ▶ /_astro/figure-03-queue-axioms.BgYuKk7I_ZsMQXR.webp (reused cache entry) (+0ms) (299/452)
01:42:34   ▶ /_astro/figure-04-linearized-values.CTDBQ9eC_17wRbw.webp (reused cache entry) (+0ms) (300/452)
01:42:34   ▶ /_astro/figure-06-annotated-queue-implementation.CMSX2WUc_Z22zoWH.webp (reused cache entry) (+0ms) (301/452)
01:42:34   ▶ /_astro/figure-02.mZl8AOYb_1ILlRY.webp (reused cache entry) (+0ms) (302/452)
01:42:34   ▶ /_astro/figure-05-queue-history.D9RRN9Z5_1biY21.webp (reused cache entry) (+0ms) (303/452)
01:42:34   ▶ /_astro/figure-01.KAn_GXSh_Z1MbzfG.webp (reused cache entry) (+0ms) (304/452)
01:42:34   ▶ /_astro/figure-03.CDlJqrFD_ZrnRaM.webp (reused cache entry) (+0ms) (305/452)
01:42:34   ▶ /_astro/figure-05.BYVJoNrk_ZqlIPw.webp (reused cache entry) (+0ms) (306/452)
01:42:34   ▶ /_astro/figure-06.GByx5Kce_s5liG.webp (reused cache entry) (+0ms) (307/452)
01:42:34   ▶ /_astro/figure-04.v4KQNnCj_Zsy2zw.webp (reused cache entry) (+0ms) (308/452)
01:42:34   ▶ /_astro/figure-07.3cUdZMl1_1S5bK9.webp (reused cache entry) (+0ms) (309/452)
01:42:34   ▶ /_astro/figure-08.OmigQIPr_1pFogV.webp (reused cache entry) (+0ms) (310/452)
01:42:34   ▶ /_astro/figure-09.Cc7oRviQ_wjYlJ.webp (reused cache entry) (+0ms) (311/452)
01:42:34   ▶ /_astro/figure-10.DCcpuaKh_Z26GOCS.webp (reused cache entry) (+0ms) (312/452)
01:42:34   ▶ /_astro/figure-11.CUwtJxeI_zGGbb.webp (reused cache entry) (+0ms) (313/452)
01:42:34   ▶ /_astro/figure-13.CiC4eoRf_et5er.webp (reused cache entry) (+0ms) (314/452)
01:42:34   ▶ /_astro/figure-01.CHvqg2z6_1j0HQT.webp (reused cache entry) (+0ms) (315/452)
01:42:34   ▶ /_astro/figure-02.gtUugVyH_Z2mkEKp.webp (reused cache entry) (+0ms) (316/452)
01:42:34   ▶ /_astro/figure-03.Bn44te97_8efBg.webp (reused cache entry) (+0ms) (317/452)
01:42:34   ▶ /_astro/figure-12.DyKgUMuI_Z1b0Ga0.webp (reused cache entry) (+0ms) (318/452)
01:42:34   ▶ /_astro/figure-04.B5-y3OrV_Z74uBb.webp (reused cache entry) (+0ms) (319/452)
01:42:34   ▶ /_astro/figure-05.DvZD3HWV_1SjKO3.webp (reused cache entry) (+0ms) (320/452)
01:42:34   ▶ /_astro/figure-07.ScczEbhs_1RKh2f.webp (reused cache entry) (+0ms) (321/452)
01:42:34   ▶ /_astro/figure-06.BcvH0_ZD_Zd0Q9e.webp (reused cache entry) (+0ms) (322/452)
01:42:34   ▶ /_astro/figure-09.DBBtm1-W_ZYfgtJ.webp (reused cache entry) (+0ms) (323/452)
01:42:34   ▶ /_astro/figure-10.BHJj6mez_Z7TXlh.webp (reused cache entry) (+0ms) (324/452)
01:42:34   ▶ /_astro/figure-11.DRpzqyJx_2aTYOt.webp (reused cache entry) (+0ms) (325/452)
01:42:34   ▶ /_astro/figure-12.DJRyb55a_ZgYW5I.webp (reused cache entry) (+0ms) (326/452)
01:42:34   ▶ /_astro/figure-08.DwdGpsBy_ZTz2kC.webp (reused cache entry) (+0ms) (327/452)
01:42:34   ▶ /_astro/figure-01.DaLzHYyi_Zf069J.webp (reused cache entry) (+0ms) (328/452)
01:42:34   ▶ /_astro/figure-02.CMcT6r2m_Z1ucUJo.webp (reused cache entry) (+0ms) (329/452)
01:42:34   ▶ /_astro/figure-04.DePwUUTZ_Z2aaHqr.webp (reused cache entry) (+0ms) (330/452)
01:42:34   ▶ /_astro/figure-03.B7gUPJJn_1rOR4f.webp (reused cache entry) (+0ms) (331/452)
01:42:34   ▶ /_astro/figure-05.xi6d2BJD_i00Rj.webp (reused cache entry) (+0ms) (332/452)
01:42:34   ▶ /_astro/figure-06.B4065IV9_Z28l0Ek.webp (reused cache entry) (+0ms) (333/452)
01:42:34   ▶ /_astro/figure-07.fdtAE7HU_1oNwtM.webp (reused cache entry) (+0ms) (334/452)
01:42:34   ▶ /_astro/figure-08.D2gZGIkP_Z2gV66b.webp (reused cache entry) (+0ms) (335/452)
01:42:34   ▶ /_astro/figure-09.BjEq6xtK_Z1tQ62y.webp (reused cache entry) (+0ms) (336/452)
01:42:34   ▶ /_astro/figure-11.R3i9wPzM_sMyxW.webp (reused cache entry) (+0ms) (337/452)
01:42:34   ▶ /_astro/figure-10.Di4dCuDg_Z1XtACS.webp (reused cache entry) (+0ms) (338/452)
01:42:34   ▶ /_astro/figure-13.XldrD4ns_1PMtia.webp (reused cache entry) (+0ms) (339/452)
01:42:34   ▶ /_astro/figure-12.C-pcynhW_Z1LQjbu.webp (reused cache entry) (+0ms) (340/452)
01:42:34   ▶ /_astro/figure-14.B7T7kKci_Z1vAm6R.webp (reused cache entry) (+2ms) (341/452)
01:42:34   ▶ /_astro/figure-15.DkdkR7Yo_20JC0w.webp (reused cache entry) (+2ms) (342/452)
01:42:34   ▶ /_astro/figure-02-deployment.CK2bVUFd_Z2krTSN.webp (reused cache entry) (+0ms) (343/452)
01:42:34   ▶ /_astro/figure-01-architecture.BfGOxNSE_10bNdt.webp (reused cache entry) (+0ms) (344/452)
01:42:34   ▶ /_astro/figure-16.D3Q4MaFz_Z1lVtCD.webp (reused cache entry) (+1ms) (345/452)
01:42:34   ▶ /_astro/figure-03-availability-q1.Dr8cXuxC_Z2a3lvY.webp (reused cache entry) (+0ms) (346/452)
01:42:34   ▶ /_astro/figure-04-availability-readonly.DqTJQDWJ_48I9j.webp (reused cache entry) (+0ms) (347/452)
01:42:34   ▶ /_astro/figure-05-testbed.Ce3hDvwr_1vGBfz.webp (reused cache entry) (+0ms) (348/452)
01:42:34   ▶ /_astro/figure-06-postmark-delay-cache.CXmCfDRj_2iz94U.webp (reused cache entry) (+0ms) (349/452)
01:42:34   ▶ /_astro/figure-07-redundant-host-element.C5woHfc__1lbwyQ.webp (reused cache entry) (+0ms) (350/452)
01:42:34   ▶ /_astro/figure-02-physical-view.OAAY5mPZ_10iD3n.webp (reused cache entry) (+0ms) (351/452)
01:42:34   ▶ /_astro/figure-01-client-view.BYxnIt3U_ZgfrKB.webp (reused cache entry) (+0ms) (352/452)
01:42:34   ▶ /_astro/figure-03-server-modules.CcAvXBCR_ZlWMQG.webp (reused cache entry) (+0ms) (353/452)
01:42:34   ▶ /_astro/figure-04-address-mapping.B2wLqlex_ZMFxOf.webp (reused cache entry) (+0ms) (354/452)
01:42:34   ▶ /_astro/figure-05-chained-declustering.Czs_EGv8_SH42c.webp (reused cache entry) (+0ms) (355/452)
01:42:34   ▶ /_astro/figure-06-prototype.DQLQr8XQ_p50c.webp (reused cache entry) (+0ms) (356/452)
01:42:34   ▶ /_astro/figure-07-scaling.9ZHis-Cn_ZOePHk.webp (reused cache entry) (+0ms) (357/452)
01:42:34   ▶ /_astro/figure-1-memory.CeBfu65Z_Z4MmoB.webp (reused cache entry) (+0ms) (358/452)
01:42:34   ▶ /_astro/figure-2-resource-allocator.DawWaL8X_ZeBtxy.webp (reused cache entry) (+0ms) (359/452)
01:42:34   ▶ /_astro/figure-3-election.Ck0Yw3xZ_1NNtso.webp (reused cache entry) (+0ms) (360/452)
01:42:34   ▶ /_astro/figure-4-logical-clock.BO3Y2kQb_Z1qIKef.webp (reused cache entry) (+0ms) (361/452)
01:42:34   ▶ /_astro/fig-01.mmpQiu6A_1JUedK.webp (reused cache entry) (+0ms) (362/452)
01:42:34   ▶ /_astro/fig-02.Crs84_Nk_Z1gXpYl.webp (reused cache entry) (+0ms) (363/452)
01:42:34   ▶ /_astro/fig-03.BqX5MGB8_Hn27m.webp (reused cache entry) (+0ms) (364/452)
01:42:34   ▶ /_astro/fig-04.DyH3rISk_1xtMAQ.webp (reused cache entry) (+0ms) (365/452)
01:42:34   ▶ /_astro/fig-06.CoLv6_SU_1uQNNc.webp (reused cache entry) (+0ms) (366/452)
01:42:34   ▶ /_astro/fig-05.Cn_svoOn_1OgQxM.webp (reused cache entry) (+0ms) (367/452)
01:42:34   ▶ /_astro/fig-07.CoucC6Ha_BNVgg.webp (reused cache entry) (+0ms) (368/452)
01:42:34   ▶ /_astro/fig-08.Hhv_MbPW_1gBsBO.webp (reused cache entry) (+0ms) (369/452)
01:42:34   ▶ /_astro/components-of-kubernetes.PGxKOYLl_ZuI75m.svg (reused cache entry) (+0ms) (370/452)
01:42:34   ▶ /_astro/figure-1.DIYHlb53_24KNb3.webp (reused cache entry) (+0ms) (371/452)
01:42:34   ▶ /_astro/figure-2.CxrqDUB8_2eEjHt.webp (reused cache entry) (+0ms) (372/452)
01:42:34   ▶ /_astro/bandwidth.BxSHdbDd_2vTbQu.webp (reused cache entry) (+0ms) (373/452)
01:42:34   ▶ /_astro/figure-3.BjOo9dYM_GUnmX.webp (reused cache entry) (+0ms) (374/452)
01:42:34   ▶ /_astro/latency.d4pxdzzX_Z4U6c7.webp (reused cache entry) (+0ms) (375/452)
01:42:34   ▶ /_astro/iops.siagrWqm_ZvRbQc.webp (reused cache entry) (+0ms) (376/452)
01:42:34   ▶ /_astro/scalability.BrDZ3exP_1i2uin.webp (reused cache entry) (+0ms) (377/452)
01:42:34   ▶ /_astro/figure-1.BNsTMzy4_13iq5J.webp (reused cache entry) (+0ms) (378/452)
01:42:34   ▶ /_astro/figure-3.D13y2jMy_Z3boLr.webp (reused cache entry) (+0ms) (379/452)
01:42:34   ▶ /_astro/figure-4.BQuXLs7S_127oUP.webp (reused cache entry) (+0ms) (380/452)
01:42:34   ▶ /_astro/figure-5.tPkbGaSe_28xG8p.webp (reused cache entry) (+0ms) (381/452)
01:42:34   ▶ /_astro/figure-2.CCI302Bu_1v34UO.webp (reused cache entry) (+0ms) (382/452)
01:42:34   ▶ /_astro/figure-6.BjKkMACe_2001rM.webp (reused cache entry) (+0ms) (383/452)
01:42:34   ▶ /_astro/figure-7.XKtq4L8N_1duGQb.webp (reused cache entry) (+0ms) (384/452)
01:42:34   ▶ /_astro/figure-02-write-control-data-flow.JWHUnW92_PLyCo.webp (reused cache entry) (+0ms) (385/452)
01:42:34   ▶ /_astro/figure-8.CQCXUbrP_2rmoqJ.webp (reused cache entry) (+0ms) (386/452)
01:42:34   ▶ /_astro/figure-01-gfs-architecture.BlXuFCZZ_X23me.webp (reused cache entry) (+0ms) (387/452)
01:42:34   ▶ /_astro/figure-03-aggregate-throughputs.DE3PwY59_Z25uJv.webp (reused cache entry) (+0ms) (388/452)
01:42:34   ▶ /_astro/slide-02.CKPNTqxs_5MNdq.webp (reused cache entry) (+0ms) (389/452)
01:42:34   ▶ /_astro/slide-03.DOeZcfv-_Z1zMxJo.webp (reused cache entry) (+0ms) (390/452)
01:42:34   ▶ /_astro/slide-01.Dn1CZxNL_wj4zs.webp (reused cache entry) (+0ms) (391/452)
01:42:34   ▶ /_astro/slide-04.3hEfFZew_YO4Oh.webp (reused cache entry) (+0ms) (392/452)
01:42:34   ▶ /_astro/slide-05.CV4l0OND_Z2awjYP.webp (reused cache entry) (+0ms) (393/452)
01:42:34   ▶ /_astro/slide-07.8dAlRZUd_ENp2K.webp (reused cache entry) (+0ms) (394/452)
01:42:34   ▶ /_astro/slide-08.D86RMxng_1sviy1.webp (reused cache entry) (+0ms) (395/452)
01:42:34   ▶ /_astro/slide-09.CCFwEV7b_ZeFvKf.webp (reused cache entry) (+0ms) (396/452)
01:42:34   ▶ /_astro/slide-06.BmXvxlgf_ZYNq2Q.webp (reused cache entry) (+1ms) (397/452)
01:42:34   ▶ /_astro/slide-11.CAnEXEAO_1RDvcl.webp (reused cache entry) (+0ms) (398/452)
01:42:34   ▶ /_astro/slide-10.DBn1aKSd_ZKzCK7.webp (reused cache entry) (+0ms) (399/452)
01:42:34   ▶ /_astro/slide-13.pk5YQKob_ZEHC4.webp (reused cache entry) (+0ms) (400/452)
01:42:34   ▶ /_astro/slide-14.BgUexjW-_Z13sl04.webp (reused cache entry) (+0ms) (401/452)
01:42:34   ▶ /_astro/slide-15.PFIG5LLI_1FqSMH.webp (reused cache entry) (+0ms) (402/452)
01:42:34   ▶ /_astro/slide-16.tolDcqul_Z1Eu7xv.webp (reused cache entry) (+0ms) (403/452)
01:42:34   ▶ /_astro/slide-12.BtSuUmm8_1Mjw0X.webp (reused cache entry) (+0ms) (404/452)
01:42:34   ▶ /_astro/slide-17.Bk1P18g9_Z2jG551.webp (reused cache entry) (+0ms) (405/452)
01:42:34   ▶ /_astro/slide-18.CD5sXJnv_ffEBo.webp (reused cache entry) (+0ms) (406/452)
01:42:34   ▶ /_astro/slide-19.BO6hYzCv_2weqSq.webp (reused cache entry) (+0ms) (407/452)
01:42:34   ▶ /_astro/slide-20.CV5otz9t_ZqjSpL.webp (reused cache entry) (+0ms) (408/452)
01:42:34   ▶ /_astro/640-20240815144804-jxd442r.DZp8C2th_k5bkn.webp (reused cache entry) (+0ms) (409/452)
01:42:34   ▶ /_astro/640-20240815144804-sjshhm5.Dfr4YXrr_Z16brTj.webp (reused cache entry) (+0ms) (410/452)
01:42:34   ▶ /_astro/640-20240815144804-b2lb346.1B2tLpgg_1ANDsn.webp (reused cache entry) (+0ms) (411/452)
01:42:34   ▶ /_astro/640-20240815144804-aa8mv1p.DUnvRBrI_1V65j8.webp (reused cache entry) (+0ms) (412/452)
01:42:34   ▶ /_astro/cncf.io.Kee4ZuQx_1mdxeH.webp (reused cache entry) (+0ms) (413/452)
01:42:34   ▶ /_astro/cncf_develop.DU-0T5Q8_ZFnYG7.webp (reused cache entry) (+0ms) (414/452)
01:42:34   ▶ /_astro/country.C3vejJMZ_Zzmx7K.webp (reused cache entry) (+0ms) (415/452)
01:42:34   ▶ /_astro/kubernetes.Be0Fakym_Z2u7Gp8.webp (reused cache entry) (+0ms) (416/452)
01:42:34   ▶ /_astro/github.sW8y1YKc_1VXgxl.webp (reused cache entry) (+0ms) (417/452)
01:42:34   ▶ /_astro/linuxfoundation.CjuQJ2pW_2mNNMA.webp (reused cache entry) (+0ms) (418/452)
01:42:34   ▶ /_astro/pr.DCK7IrlZ_Z25Dq9Q.webp (reused cache entry) (+0ms) (419/452)
01:42:34   ▶ /_astro/kk-pr.BUwDIZ_q_Z1Nkq9G.webp (reused cache entry) (+0ms) (420/452)
01:42:34   ▶ /_astro/contribute.BtKAG3mk_Z1x6G3V.webp (reused cache entry) (+0ms) (421/452)
01:42:34   ▶ /_astro/kk-search.BBwOaONF_ZGn2wt.webp (reused cache entry) (+0ms) (422/452)
01:42:34   ▶ /_astro/kk-search2.Bz5KflSi_ncRpT.webp (reused cache entry) (+0ms) (423/452)
01:42:34   ▶ /_astro/github_trending.DPPyylnV_jqme7.webp (reused cache entry) (+0ms) (424/452)
01:42:34   ▶ /_astro/github_topic.CTE1aXFz_1T35Td.webp (reused cache entry) (+0ms) (425/452)
01:42:34   ▶ /_astro/user_search.FVQt5ABk_11yYbW.webp (reused cache entry) (+0ms) (426/452)
01:42:34   ▶ /_astro/github_developer.BIfG4lnb_ZfRd1p.webp (reused cache entry) (+0ms) (427/452)
01:42:34   ▶ /_astro/github_user.Brg3N6bF_ZvUUzC.webp (reused cache entry) (+0ms) (428/452)
01:42:34   ▶ /_astro/image-20240728223818-bn1l99t.DuJtIiq7_2ib1r4.webp (reused cache entry) (+0ms) (429/452)
01:42:34   ▶ /_astro/image-20240728172546-bis1dc3.C2hT8BCT_Z1XXksa.webp (reused cache entry) (+0ms) (430/452)
01:42:34   ▶ /_astro/image-20240730152910-i2fxp8q.B3NOCWNd_Z1ORukw.webp (reused cache entry) (+0ms) (431/452)
01:42:34   ▶ /_astro/try.drawio-20240728204055-fgglpr0.C9LsmS8x_Px0TL.svg (reused cache entry) (+0ms) (432/452)
01:42:34   ▶ /_astro/image-20240730152946-d8s4ttt.DLcBpQCK_ZlfoJp.webp (reused cache entry) (+0ms) (433/452)
01:42:34   ▶ /_astro/image-20240730153120-bdm9ry4.C3nUEE_N_Z20XF3k.webp (reused cache entry) (+0ms) (434/452)
01:42:34   ▶ /_astro/image-20240730153426-ak4v1do.CuCHYSMP_1ror3N.webp (reused cache entry) (+0ms) (435/452)
01:42:34   ▶ /_astro/image-20240730154657-pbvehi5.BKk8H_9B_PVVO0.webp (reused cache entry) (+0ms) (436/452)
01:42:34   ▶ /_astro/image-20240730141430-vrwweuf.WvzVvtOq_ZSXDME.webp (reused cache entry) (+0ms) (437/452)
01:42:34   ▶ /_astro/image-20240730141544-cb8j362.DyH5BqVJ_2abToE.webp (reused cache entry) (+0ms) (438/452)
01:42:34   ▶ /_astro/image-20240730141650-24ymhkg.Coy8_pHp_ZIKf6I.webp (reused cache entry) (+0ms) (439/452)
01:42:34   ▶ /_astro/image-20240730141946-x0jrrch.IL_cNmNN_15K3Xm.webp (reused cache entry) (+0ms) (440/452)
01:42:34   ▶ /_astro/image-20240730142442-wqpf8jd.DD-MUqX7_Z1gqYUV.webp (reused cache entry) (+0ms) (441/452)
01:42:34   ▶ /_astro/image-20240730142457-e5yccys.D28_LPqq_2icsq5.webp (reused cache entry) (+0ms) (442/452)
01:42:34   ▶ /_astro/image-20240730142613-5izjg7i.gy6K1OYq_Z7itFq.webp (reused cache entry) (+0ms) (443/452)
01:42:34   ▶ /_astro/image-20240730142756-60umdh8.BJuFwT3V_HqLEg.webp (reused cache entry) (+0ms) (444/452)
01:42:34   ▶ /_astro/image-20240730142946-5xsthcw.CFWKXXGP_ZxFSI4.webp (reused cache entry) (+0ms) (445/452)
01:42:34   ▶ /_astro/image-20240730143255-l5obts1.CqOMeqBv_ZNXMW0.webp (reused cache entry) (+0ms) (446/452)
01:42:34   ▶ /_astro/image-20240730143320-x08l76l.CjDSF1jv_Z18Dppj.webp (reused cache entry) (+0ms) (447/452)
01:42:34   ▶ /_astro/image-20240730143337-fcldbh3.ClL-VdAC_2swtjJ.webp (reused cache entry) (+0ms) (448/452)
01:42:34   ▶ /_astro/image-20240730143429-9z5fsx8.D7n0rL07_12giqJ.webp (reused cache entry) (+0ms) (449/452)
01:42:34   ▶ /_astro/image-20240730143639-0va95qe.OVsglUNq_Z1IT21H.webp (reused cache entry) (+0ms) (450/452)
01:42:34   ▶ /_astro/test.drawio.Da3lXg0a_1nNrVa.svg (reused cache entry) (+0ms) (451/452)
01:42:34   ▶ /_astro/image.CWyRAcTD_10KL8t.webp (reused cache entry) (+0ms) (452/452)
01:42:34 ✓ Completed in 84ms.

01:42:34 [build] ✓ Completed in 2.80s.
01:42:34 [@astrojs/sitemap] `sitemap-index.xml` created at `dist`
01:42:34 [build] 313 page(s) built in 3.44s
01:42:34 [build] Complete!

Running Pagefind v1.5.2 (Extended)
Running from: "/home/xuntingmu/workspace/quboliu.github.io"
Source:       "dist"
Output:       "dist/pagefind"

[Walking source directory]
Found 313 files matching **/*.{html}

[Parsing files]
Found a data-pagefind-body element on the site.
↳ Ignoring pages without this tag.

[Reading languages]
Discovered 1 language: en

[Building search indexes]
Total: 
  Indexed 1 language
  Indexed 110 pages
  Indexed 96857 words
  Indexed 0 filters
  Indexed 0 sorts

Finished in 0.796 seconds
